// Jest Snapshot v1, https://goo.gl/fbAQLP

exports[`Atom Button should render without throwing an error 1`] = `
<button
  type="button"
>
   
</button>
`;
